Archive member included to satisfy reference by file (symbol)

C:/ST/STM32CubeIDE_1.18.1/STM32CubeIDE/plugins/com.st.stm32cube.ide.mcu.externaltools.gnu-tools-for-stm32.13.3.rel1.win32_1.0.0.202411081344/tools/bin/../lib/gcc/arm-none-eabi/13.3.1/../../../../arm-none-eabi/lib/thumb/v6-m/nofp\libc_nano.a(libc_a-exit.o)
                              C:/ST/STM32CubeIDE_1.18.1/STM32CubeIDE/plugins/com.st.stm32cube.ide.mcu.externaltools.gnu-tools-for-stm32.13.3.rel1.win32_1.0.0.202411081344/tools/bin/../lib/gcc/arm-none-eabi/13.3.1/../../../../arm-none-eabi/lib/thumb/v6-m/nofp/crt0.o (exit)
C:/ST/STM32CubeIDE_1.18.1/STM32CubeIDE/plugins/com.st.stm32cube.ide.mcu.externaltools.gnu-tools-for-stm32.13.3.rel1.win32_1.0.0.202411081344/tools/bin/../lib/gcc/arm-none-eabi/13.3.1/../../../../arm-none-eabi/lib/thumb/v6-m/nofp\libc_nano.a(libc_a-findfp.o)
                              C:/ST/STM32CubeIDE_1.18.1/STM32CubeIDE/plugins/com.st.stm32cube.ide.mcu.externaltools.gnu-tools-for-stm32.13.3.rel1.win32_1.0.0.202411081344/tools/bin/../lib/gcc/arm-none-eabi/13.3.1/../../../../arm-none-eabi/lib/thumb/v6-m/nofp\libc_nano.a(libc_a-exit.o) (__stdio_exit_handler)
C:/ST/STM32CubeIDE_1.18.1/STM32CubeIDE/plugins/com.st.stm32cube.ide.mcu.externaltools.gnu-tools-for-stm32.13.3.rel1.win32_1.0.0.202411081344/tools/bin/../lib/gcc/arm-none-eabi/13.3.1/../../../../arm-none-eabi/lib/thumb/v6-m/nofp\libc_nano.a(libc_a-fwalk.o)
                              C:/ST/STM32CubeIDE_1.18.1/STM32CubeIDE/plugins/com.st.stm32cube.ide.mcu.externaltools.gnu-tools-for-stm32.13.3.rel1.win32_1.0.0.202411081344/tools/bin/../lib/gcc/arm-none-eabi/13.3.1/../../../../arm-none-eabi/lib/thumb/v6-m/nofp\libc_nano.a(libc_a-findfp.o) (_fwalk_sglue)
C:/ST/STM32CubeIDE_1.18.1/STM32CubeIDE/plugins/com.st.stm32cube.ide.mcu.externaltools.gnu-tools-for-stm32.13.3.rel1.win32_1.0.0.202411081344/tools/bin/../lib/gcc/arm-none-eabi/13.3.1/../../../../arm-none-eabi/lib/thumb/v6-m/nofp\libc_nano.a(libc_a-stdio.o)
                              C:/ST/STM32CubeIDE_1.18.1/STM32CubeIDE/plugins/com.st.stm32cube.ide.mcu.externaltools.gnu-tools-for-stm32.13.3.rel1.win32_1.0.0.202411081344/tools/bin/../lib/gcc/arm-none-eabi/13.3.1/../../../../arm-none-eabi/lib/thumb/v6-m/nofp\libc_nano.a(libc_a-findfp.o) (__sread)
C:/ST/STM32CubeIDE_1.18.1/STM32CubeIDE/plugins/com.st.stm32cube.ide.mcu.externaltools.gnu-tools-for-stm32.13.3.rel1.win32_1.0.0.202411081344/tools/bin/../lib/gcc/arm-none-eabi/13.3.1/../../../../arm-none-eabi/lib/thumb/v6-m/nofp\libc_nano.a(libc_a-memset.o)
                              C:/ST/STM32CubeIDE_1.18.1/STM32CubeIDE/plugins/com.st.stm32cube.ide.mcu.externaltools.gnu-tools-for-stm32.13.3.rel1.win32_1.0.0.202411081344/tools/bin/../lib/gcc/arm-none-eabi/13.3.1/../../../../arm-none-eabi/lib/thumb/v6-m/nofp/crt0.o (memset)
C:/ST/STM32CubeIDE_1.18.1/STM32CubeIDE/plugins/com.st.stm32cube.ide.mcu.externaltools.gnu-tools-for-stm32.13.3.rel1.win32_1.0.0.202411081344/tools/bin/../lib/gcc/arm-none-eabi/13.3.1/../../../../arm-none-eabi/lib/thumb/v6-m/nofp\libc_nano.a(libc_a-closer.o)
                              C:/ST/STM32CubeIDE_1.18.1/STM32CubeIDE/plugins/com.st.stm32cube.ide.mcu.externaltools.gnu-tools-for-stm32.13.3.rel1.win32_1.0.0.202411081344/tools/bin/../lib/gcc/arm-none-eabi/13.3.1/../../../../arm-none-eabi/lib/thumb/v6-m/nofp\libc_nano.a(libc_a-stdio.o) (_close_r)
C:/ST/STM32CubeIDE_1.18.1/STM32CubeIDE/plugins/com.st.stm32cube.ide.mcu.externaltools.gnu-tools-for-stm32.13.3.rel1.win32_1.0.0.202411081344/tools/bin/../lib/gcc/arm-none-eabi/13.3.1/../../../../arm-none-eabi/lib/thumb/v6-m/nofp\libc_nano.a(libc_a-reent.o)
                              C:/ST/STM32CubeIDE_1.18.1/STM32CubeIDE/plugins/com.st.stm32cube.ide.mcu.externaltools.gnu-tools-for-stm32.13.3.rel1.win32_1.0.0.202411081344/tools/bin/../lib/gcc/arm-none-eabi/13.3.1/../../../../arm-none-eabi/lib/thumb/v6-m/nofp\libc_nano.a(libc_a-closer.o) (errno)
C:/ST/STM32CubeIDE_1.18.1/STM32CubeIDE/plugins/com.st.stm32cube.ide.mcu.externaltools.gnu-tools-for-stm32.13.3.rel1.win32_1.0.0.202411081344/tools/bin/../lib/gcc/arm-none-eabi/13.3.1/../../../../arm-none-eabi/lib/thumb/v6-m/nofp\libc_nano.a(libc_a-impure.o)
                              C:/ST/STM32CubeIDE_1.18.1/STM32CubeIDE/plugins/com.st.stm32cube.ide.mcu.externaltools.gnu-tools-for-stm32.13.3.rel1.win32_1.0.0.202411081344/tools/bin/../lib/gcc/arm-none-eabi/13.3.1/../../../../arm-none-eabi/lib/thumb/v6-m/nofp\libc_nano.a(libc_a-reent.o) (_impure_ptr)
C:/ST/STM32CubeIDE_1.18.1/STM32CubeIDE/plugins/com.st.stm32cube.ide.mcu.externaltools.gnu-tools-for-stm32.13.3.rel1.win32_1.0.0.202411081344/tools/bin/../lib/gcc/arm-none-eabi/13.3.1/../../../../arm-none-eabi/lib/thumb/v6-m/nofp\libc_nano.a(libc_a-lseekr.o)
[...]
Memory Configuration

Name             Origin             Length             Attributes
RAM              0x20000000         0x00010000         xrw
FLASH            0x10040000         0x00080000         xr
*default*        0x00000000         0xffffffff

Linker script and memory map

LOAD C:/ST/STM32CubeIDE_1.18.1/STM32CubeIDE/plugins/com.st.stm32cube.ide.mcu.externaltools.gnu-tools-for-stm32.13.3.rel1.win32_1.0.0.202411081344/tools/bin/../lib/gcc/arm-none-eabi/13.3.1/thumb/v6-m/nofp/crti.o
LOAD C:/ST/STM32CubeIDE_1.18.1/STM32CubeIDE/plugins/com.st.stm32cube.ide.mcu.externaltools.gnu-tools-for-stm32.13.3.rel1.win32_1.0.0.202411081344/tools/bin/../lib/gcc/arm-none-eabi/13.3.1/thumb/v6-m/nofp/crtbegin.o
LOAD C:/ST/STM32CubeIDE_1.18.1/STM32CubeIDE/plugins/com.st.stm32cube.ide.mcu.externaltools.gnu-tools-for-stm32.13.3.rel1.win32_1.0.0.202411081344/tools/bin/../lib/gcc/arm-none-eabi/13.3.1/../../../../arm-none-eabi/lib/thumb/v6-m/nofp/crt0.o
LOAD ./Drivers/Src/stm32wb09xx_gpio_driver.o
LOAD ./Drivers/Src/stm32wb09xx_spi_driver.o
LOAD ./Src/003spi_testing.o
LOAD ./Src/syscalls.o
LOAD ./Src/sysmem.o
LOAD ./Startup/startup_stm32wb09kevx.o
START GROUP
LOAD C:/ST/STM32CubeIDE_1.18.1/STM32CubeIDE/plugins/com.st.stm32cube.ide.mcu.externaltools.gnu-tools-for-stm32.13.3.rel1.win32_1.0.0.202411081344/tools/bin/../lib/gcc/arm-none-eabi/13.3.1/../../../../arm-none-eabi/lib/thumb/v6-m/nofp\libc_nano.a
LOAD C:/ST/STM32CubeIDE_1.18.1/STM32CubeIDE/plugins/com.st.stm32cube.ide.mcu.externaltools.gnu-tools-for-stm32.13.3.rel1.win32_1.0.0.202411081344/tools/bin/../lib/gcc/arm-none-eabi/13.3.1/../../../../arm-none-eabi/lib/thumb/v6-m/nofp\libm.a
END GROUP
START GROUP
LOAD C:/ST/STM32CubeIDE_1.18.1/STM32CubeIDE/plugins/com.st.stm32cube.ide.mcu.externaltools.gnu-tools-for-stm32.13.3.rel1.win32_1.0.0.202411081344/tools/bin/../lib/gcc/arm-none-eabi/13.3.1/thumb/v6-m/nofp\libgcc.a
LOAD C:/ST/STM32CubeIDE_1.18.1/STM32CubeIDE/plugins/com.st.stm32cube.ide.mcu.externaltools.gnu-tools-for-stm32.13.3.rel1.win32_1.0.0.202411081344/tools/bin/../lib/gcc/arm-none-eabi/13.3.1/../../../../arm-none-eabi/lib/thumb/v6-m/nofp\libc_nano.a
END GROUP
START GROUP
LOAD C:/ST/STM32CubeIDE_1.18.1/STM32CubeIDE/plugins/com.st.stm32cube.ide.mcu.externaltools.gnu-tools-for-stm32.13.3.rel1.win32_1.0.0.202411081344/tools/bin/../lib/gcc/arm-none-eabi/13.3.1/thumb/v6-m/nofp\libgcc.a
LOAD C:/ST/STM32CubeIDE_1.18.1/STM32CubeIDE/plugins/com.st.stm32cube.ide.mcu.externaltools.gnu-tools-for-stm32.13.3.rel1.win32_1.0.0.202411081344/tools/bin/../lib/gcc/arm-none-eabi/13.3.1/../../../../arm-none-eabi/lib/thumb/v6-m/nofp\libc_nano.a
LOAD C:/ST/STM32CubeIDE_1.18.1/STM32CubeIDE/plugins/com.st.stm32cube.ide.mcu.externaltools.gnu-tools-for-stm32.13.3.rel1.win32_1.0.0.202411081344/tools/bin/../lib/gcc/arm-none-eabi/13.3.1/../../../../arm-none-eabi/lib/thumb/v6-m/nofp\libnosys.a
END GROUP
START GROUP
LOAD C:/ST/STM32CubeIDE_1.18.1/STM32CubeIDE/plugins/com.st.stm32cube.ide.mcu.externaltools.gnu-tools-for-stm32.13.3.rel1.win32_1.0.0.202411081344/tools/bin/../lib/gcc/arm-none-eabi/13.3.1/thumb/v6-m/nofp\libgcc.a
LOAD C:/ST/STM32CubeIDE_1.18.1/STM32CubeIDE/plugins/com.st.stm32cube.ide.mcu.externaltools.gnu-tools-for-stm32.13.3.rel1.win32_1.0.0.202411081344/tools/bin/../lib/gcc/arm-none-eabi/13.3.1/../../../../arm-none-eabi/lib/thumb/v6-m/nofp\libc_nano.a
LOAD C:/ST/STM32CubeIDE_1.18.1/STM32CubeIDE/plugins/com.st.stm32cube.ide.mcu.externaltools.gnu-tools-for-stm32.13.3.rel1.win32_1.0.0.202411081344/tools/bin/../lib/gcc/arm-none-eabi/13.3.1/../../../../arm-none-eabi/lib/thumb/v6-m/nofp\libnosys.a
END GROUP
LOAD C:/ST/STM32CubeIDE_1.18.1/STM32CubeIDE/plugins/com.st.stm32cube.ide.mcu.externaltools.gnu-tools-for-stm32.13.3.rel1.win32_1.0.0.202411081344/tools/bin/../lib/gcc/arm-none-eabi/13.3.1/thumb/v6-m/nofp/crtend.o
LOAD C:/ST/STM32CubeIDE_1.18.1/STM32CubeIDE/plugins/com.st.stm32cube.ide.mcu.externaltools.gnu-tools-for-stm32.13.3.rel1.win32_1.0.0.202411081344/tools/bin/../lib/gcc/arm-none-eabi/13.3.1/thumb/v6-m/nofp/crtn.o
                0x20010000                        _estack = (ORIGIN (RAM) + LENGTH (RAM))
                0x00000200                        _Min_Heap_Size = 0x200
                0x00000400                        _Min_Stack_Size = 0x400

.isr_vector     0x10040000       0xb4
                0x10040000                        . = ALIGN (0x4)
 *(.isr_vector)
 .isr_vector    0x10040000       0xb4 ./Startup/startup_stm32wb09kevx.o
                0x10040000                g_pfnVectors
                0x100400b4                        . = ALIGN (0x4)

.text           0x100400b4      0x5a4
                0x100400b4                        . = ALIGN (0x4)
 *(.text)
 .text          0x100400b4       0x48 C:/ST/STM32CubeIDE_1.18.1/STM32CubeIDE/plugins/com.st.stm32cube.ide.mcu.externaltools.gnu-tools-for-stm32.13.3.rel1.win32_1.0.0.202411081344/tools/bin/../lib/gcc/arm-none-eabi/13.3.1/thumb/v6-m/nofp/crtbegin.o
 .text          0x100400fc        0xe C:/ST/STM32CubeIDE_1.18.1/STM32CubeIDE/plugins/com.st.stm32cube.ide.mcu.externaltools.gnu-tools-for-stm32.13.3.rel1.win32_1.0.0.202411081344/tools/bin/../lib/gcc/arm-none-eabi/13.3.1/../../../../arm-none-eabi/lib/thumb/v6-m/nofp\libc_nano.a(libc_a-strlen.o)
                0x100400fc                strlen
 *(.text*)
 *fill*         0x1004010a        0x2 
 .text.GPIO_PeriClockControl
                0x1004010c       0x80 ./Drivers/Src/stm32wb09xx_gpio_driver.o
                0x1004010c                GPIO_PeriClockControl
 .text.GPIO_Init
                0x1004018c      0x168 ./Drivers/Src/stm32wb09xx_gpio_driver.o
                0x1004018c                GPIO_Init
 .text.SPI_PeriClockControl
                0x100402f4       0x58 ./Drivers/Src/stm32wb09xx_spi_driver.o
                0x100402f4                SPI_PeriClockControl
 .text.SPI_Init
                0x1004034c       0xb4 ./Drivers/Src/stm32wb09xx_spi_driver.o
                0x1004034c                SPI_Init
 .text.SPI_GetFlagStatus
                0x10040400       0x22 ./Drivers/Src/stm32wb09xx_spi_driver.o
                0x10040400                SPI_GetFlagStatus
 .text.SPI_SendData
                0x10040422       0x6e ./Drivers/Src/stm32wb09xx_spi_driver.o
                0x10040422                SPI_SendData
 .text.SPI_PeripheralControl
                0x10040490       0x3a ./Drivers/Src/stm32wb09xx_spi_driver.o
                0x10040490                SPI_PeripheralControl
 *fill*         0x100404ca        0x2 
 .text.SPI3_GPIOInits
                0x100404cc       0x4c ./Src/003spi_testing.o
                0x100404cc                SPI3_GPIOInits
 .text.SPI3_Inits
                0x10040518       0x4c ./Src/003spi_testing.o
                0x10040518                SPI3_Inits
 .text.main     0x10040564       0x40 ./Src/003spi_testing.o
                0x10040564                main
 .text.Reset_Handler
                0x100405a4       0x50 ./Startup/startup_stm32wb09kevx.o
                0x100405a4                Reset_Handler
 .text.Default_Handler
                0x100405f4        0x2 ./Startup/startup_stm32wb09kevx.o
                0x100405f4                RADIO_TXRX_SEQ_IRQHandler
                0x100405f4                HardFault_Handler
                0x100405f4                GPIOB_IRQHandler
                0x100405f4                GPIOA_IRQHandler
                0x100405f4                SysTick_Handler
                0x100405f4                PVD_IRQHandler
                0x100405f4                PendSV_Handler
                0x100405f4                NMI_Handler
                0x100405f4                I2C1_IRQHandler
                0x100405f4                RADIO_CPU_WKUP_IRQHandler
                0x100405f4                PKA_IRQHandler
                0x100405f4                TIM17_IRQHandler
                0x100405f4                RTC_IRQHandler
                0x100405f4                RADIO_TXRX_IRQHandler
                0x100405f4                TIM16_IRQHandler
                0x100405f4                RCC_IRQHandler
                0x100405f4                Default_Handler
                0x100405f4                ADC_IRQHandler
                0x100405f4                SVC_Handler
                0x100405f4                RADIO_ERROR_IRQHandler
                0x100405f4                TIM2_IRQHandler
                0x100405f4                RADIO_TXRX_WKUP_IRQHandler
                0x100405f4                DMA_IRQHandler
                0x100405f4                USART_1_IRQHandler
                0x100405f4                FLASH_IRQHandler
                0x100405f4                SPI3_IRQHandler
                0x100405f4                LPUART_1_IRQHandler
                0x100405f4                TRNG_IRQHandler
 *fill*         0x100405f6        0x2 
 .text.__libc_init_array
                0x100405f8       0x48 C:/ST/STM32CubeIDE_1.18.1/STM32CubeIDE/plugins/com.st.stm32cube.ide.mcu.externaltools.gnu-tools-for-stm32.13.3.rel1.win32_1.0.0.202411081344/tools/bin/../lib/gcc/arm-none-eabi/13.3.1/../../../../arm-none-eabi/lib/thumb/v6-m/nofp\libc_nano.a(libc_a-init.o)
                0x100405f8                __libc_init_array
 *(.glue_7)
 .glue_7        0x10040640        0x0 linker stubs
 *(.glue_7t)
 .glue_7t       0x10040640        0x0 linker stubs
 *(.eh_frame)
 .eh_frame      0x10040640        0x0 C:/ST/STM32CubeIDE_1.18.1/STM32CubeIDE/plugins/com.st.stm32cube.ide.mcu.externaltools.gnu-tools-for-stm32.13.3.rel1.win32_1.0.0.202411081344/tools/bin/../lib/gcc/arm-none-eabi/13.3.1/thumb/v6-m/nofp/crtbegin.o
 *(.init)
 .init          0x10040640        0x4 C:/ST/STM32CubeIDE_1.18.1/STM32CubeIDE/plugins/com.st.stm32cube.ide.mcu.externaltools.gnu-tools-for-stm32.13.3.rel1.win32_1.0.0.202411081344/tools/bin/../lib/gcc/arm-none-eabi/13.3.1/thumb/v6-m/nofp/crti.o
                0x10040640                _init
 .init          0x10040644        0x8 C:/ST/STM32CubeIDE_1.18.1/STM32CubeIDE/plugins/com.st.stm32cube.ide.mcu.externaltools.gnu-tools-for-stm32.13.3.rel1.win32_1.0.0.202411081344/tools/bin/../lib/gcc/arm-none-eabi/13.3.1/thumb/v6-m/nofp/crtn.o
 *(.fini)
 .fini          0x1004064c        0x4 C:/ST/STM32CubeIDE_1.18.1/STM32CubeIDE/plugins/com.st.stm32cube.ide.mcu.externaltools.gnu-tools-for-stm32.13.3.rel1.win32_1.0.0.202411081344/tools/bin/../lib/gcc/arm-none-eabi/13.3.1/thumb/v6-m/nofp/crti.o
                0x1004064c                _fini
 .fini          0x10040650        0x8 C:/ST/STM32CubeIDE_1.18.1/STM32CubeIDE/plugins/com.st.stm32cube.ide.mcu.externaltools.gnu-tools-for-stm32.13.3.rel1.win32_1.0.0.202411081344/tools/bin/../lib/gcc/arm-none-eabi/13.3.1/thumb/v6-m/nofp/crtn.o
                0x10040658                        . = ALIGN (0x4)
                0x10040658                        _etext = .

.vfp11_veneer   0x10040658        0x0
 .vfp11_veneer  0x10040658        0x0 linker stubs

.v4_bx          0x10040658        0x0
 .v4_bx         0x10040658        0x0 linker stubs

.iplt           0x10040658        0x0
 .iplt          0x10040658        0x0 C:/ST/STM32CubeIDE_1.18.1/STM32CubeIDE/plugins/com.st.stm32cube.ide.mcu.externaltools.gnu-tools-for-stm32.13.3.rel1.win32_1.0.0.202411081344/tools/bin/../lib/gcc/arm-none-eabi/13.3.1/thumb/v6-m/nofp/crtbegin.o

.rodata         0x10040658        0xc
                0x10040658                        . = ALIGN (0x4)
 *(.rodata)
 .rodata        0x10040658        0xc ./Src/003spi_testing.o
 *(.rodata*)
                0x10040664                        . = ALIGN (0x4)

.ARM.extab      0x10040664        0x0
                0x10040664                        . = ALIGN (0x4)
 *(.ARM.extab* .gnu.linkonce.armextab.*)
                0x10040664                        . = ALIGN (0x4)

.ARM            0x10040664        0x0
                0x10040664                        . = ALIGN (0x4)
                0x10040664                        __exidx_start = .
 *(.ARM.exidx*)
                0x10040664                        __exidx_end = .
                0x10040664                        . = ALIGN (0x4)

.preinit_array  0x10040664        0x0
                0x10040664                        . = ALIGN (0x4)
                0x10040664                        PROVIDE (__preinit_array_start = .)
 *(.preinit_array*)
                0x10040664                        PROVIDE (__preinit_array_end = .)
                0x10040664                        . = ALIGN (0x4)

.init_array     0x10040664        0x4
                0x10040664                        . = ALIGN (0x4)
                0x10040664                        PROVIDE (__init_array_start = .)
 *(SORT_BY_NAME(.init_array.*))
 *(.init_array*)
 .init_array    0x10040664        0x4 C:/ST/STM32CubeIDE_1.18.1/STM32CubeIDE/plugins/com.st.stm32cube.ide.mcu.externaltools.gnu-tools-for-stm32.13.3.rel1.win32_1.0.0.202411081344/tools/bin/../lib/gcc/arm-none-eabi/13.3.1/thumb/v6-m/nofp/crtbegin.o
                0x10040668                        PROVIDE (__init_array_end = .)
                0x10040668                        . = ALIGN (0x4)

.fini_array     0x10040668        0x4
                0x10040668                        . = ALIGN (0x4)
                [!provide]                        PROVIDE (__fini_array_start = .)
 *(SORT_BY_NAME(.fini_array.*))
 *(.fini_array*)
 .fini_array    0x10040668        0x4 C:/ST/STM32CubeIDE_1.18.1/STM32CubeIDE/plugins/com.st.stm32cube.ide.mcu.externaltools.gnu-tools-for-stm32.13.3.rel1.win32_1.0.0.202411081344/tools/bin/../lib/gcc/arm-none-eabi/13.3.1/thumb/v6-m/nofp/crtbegin.o
                [!provide]                        PROVIDE (__fini_array_end = .)
                0x1004066c                        . = ALIGN (0x4)
                0x1004066c                        _sidata = LOADADDR (.data)

.rel.dyn        0x1004066c        0x0
 .rel.iplt      0x1004066c        0x0 C:/ST/STM32CubeIDE_1.18.1/STM32CubeIDE/plugins/com.st.stm32cube.ide.mcu.externaltools.gnu-tools-for-stm32.13.3.rel1.win32_1.0.0.202411081344/tools/bin/../lib/gcc/arm-none-eabi/13.3.1/thumb/v6-m/nofp/crtbegin.o

.data           0x20000000        0x0 load address 0x1004066c
                0x20000000                        . = ALIGN (0x4)
                0x20000000                        _sdata = .
 *(.data)
 *(.data*)
 *(.RamFunc)
 *(.RamFunc*)
                0x20000000                        . = ALIGN (0x4)
                0x20000000                        _edata = .

.igot.plt       0x20000000        0x0 load address 0x1004066c
 .igot.plt      0x20000000        0x0 C:/ST/STM32CubeIDE_1.18.1/STM32CubeIDE/plugins/com.st.stm32cube.ide.mcu.externaltools.gnu-tools-for-stm32.13.3.rel1.win32_1.0.0.202411081344/tools/bin/../lib/gcc/arm-none-eabi/13.3.1/thumb/v6-m/nofp/crtbegin.o
                0x20000000                        . = ALIGN (0x4)

.bss            0x20000000       0x1c load address 0x1004066c
                0x20000000                        _sbss = .
                0x20000000                        __bss_start__ = _sbss
 *(.bss)
 .bss           0x20000000       0x1c C:/ST/STM32CubeIDE_1.18.1/STM32CubeIDE/plugins/com.st.stm32cube.ide.mcu.externaltools.gnu-tools-for-stm32.13.3.rel1.win32_1.0.0.202411081344/tools/bin/../lib/gcc/arm-none-eabi/13.3.1/thumb/v6-m/nofp/crtbegin.o
 *(.bss*)
 *(COMMON)
                0x2000001c                        . = ALIGN (0x4)
                0x2000001c                        _ebss = .
                0x2000001c                        __bss_end__ = _ebss

._user_heap_stack
                0x2000001c      0x604 load address 0x1004066c
                0x20000020                        . = ALIGN (0x8)
 *fill*         0x2000001c        0x4 
                [!provide]                        PROVIDE (end = .)
                0x20000020                        PROVIDE (_end = .)
                0x20000220                        . = (. + _Min_Heap_Size)
 *fill*         0x20000020      0x200 
                0x20000620                        . = (. + _Min_Stack_Size)
 *fill*         0x20000220      0x400 
                0x20000620                        . = ALIGN (0x8)

/DISCARD/
 libc.a(*)
 libm.a(*)
 libgcc.a(*)

.ARM.attributes
                0x00000000       0x28
 *(.ARM.attributes)
 .ARM.attributes
                0x00000000       0x1e C:/ST/STM32CubeIDE_1.18.1/STM32CubeIDE/plugins/com.st.stm32cube.ide.mcu.externaltools.gnu-tools-for-stm32.13.3.rel1.win32_1.0.0.202411081344/tools/bin/../lib/gcc/arm-none-eabi/13.3.1/thumb/v6-m/nofp/crti.o
 .ARM.attributes
                0x0000001e       0x2c C:/ST/STM32CubeIDE_1.18.1/STM32CubeIDE/plugins/com.st.stm32cube.ide.mcu.externaltools.gnu-tools-for-stm32.13.3.rel1.win32_1.0.0.202411081344/tools/bin/../lib/gcc/arm-none-eabi/13.3.1/thumb/v6-m/nofp/crtbegin.o
 .ARM.attributes
                0x0000004a       0x2c ./Drivers/Src/stm32wb09xx_gpio_driver.o
 .ARM.attributes
                0x00000076       0x2c ./Drivers/Src/stm32wb09xx_spi_driver.o
 .ARM.attributes
                0x000000a2       0x2c ./Src/003spi_testing.o
 .ARM.attributes
                0x000000ce       0x22 ./Startup/startup_stm32wb09kevx.o
 .ARM.attributes
                0x000000f0       0x2c C:/ST/STM32CubeIDE_1.18.1/STM32CubeIDE/plugins/com.st.stm32cube.ide.mcu.externaltools.gnu-tools-for-stm32.13.3.rel1.win32_1.0.0.202411081344/tools/bin/../lib/gcc/arm-none-eabi/13.3.1/../../../../arm-none-eabi/lib/thumb/v6-m/nofp\libc_nano.a(libc_a-init.o)
 .ARM.attributes
                0x0000011c       0x1c C:/ST/STM32CubeIDE_1.18.1/STM32CubeIDE/plugins/com.st.stm32cube.ide.mcu.externaltools.gnu-tools-for-stm32.13.3.rel1.win32_1.0.0.202411081344/tools/bin/../lib/gcc/arm-none-eabi/13.3.1/../../../../arm-none-eabi/lib/thumb/v6-m/nofp\libc_nano.a(libc_a-strlen.o)
 .ARM.attributes
                0x00000138       0x1e C:/ST/STM32CubeIDE_1.18.1/STM32CubeIDE/plugins/com.st.stm32cube.ide.mcu.externaltools.gnu-tools-for-stm32.13.3.rel1.win32_1.0.0.202411081344/tools/bin/../lib/gcc/arm-none-eabi/13.3.1/thumb/v6-m/nofp/crtn.o
OUTPUT(STM32WB09xx_Drivers.elf elf32-littlearm)
LOAD linker stubs
LOAD C:/ST/STM32CubeIDE_1.18.1/STM32CubeIDE/plugins/com.st.stm32cube.ide.mcu.externaltools.gnu-tools-for-stm32.13.3.rel1.win32_1.0.0.202411081344/tools/bin/../lib/gcc/arm-none-eabi/13.3.1/../../../../arm-none-eabi/lib/thumb/v6-m/nofp\libc.a
LOAD C:/ST/STM32CubeIDE_1.18.1/STM32CubeIDE/plugins/com.st.stm32cube.ide.mcu.externaltools.gnu-tools-for-stm32.13.3.rel1.win32_1.0.0.202411081344/tools/bin/../lib/gcc/arm-none-eabi/13.3.1/../../../../arm-none-eabi/lib/thumb/v6-m/nofp\libm.a
LOAD C:/ST/STM32CubeIDE_1.18.1/STM32CubeIDE/plugins/com.st.stm32cube.ide.mcu.externaltools.gnu-tools-for-stm32.13.3.rel1.win32_1.0.0.202411081344/tools/bin/../lib/gcc/arm-none-eabi/13.3.1/thumb/v6-m/nofp\libgcc.a

.debug_info     0x00000000      0xe0e
 .debug_info    0x00000000      0x574 ./Drivers/Src/stm32wb09xx_gpio_driver.o
 .debug_info    0x00000574      0x44a ./Drivers/Src/stm32wb09xx_spi_driver.o
 .debug_info    0x000009be      0x420 ./Src/003spi_testing.o
 .debug_info    0x00000dde       0x30 ./Startup/startup_stm32wb09kevx.o

.debug_abbrev   0x00000000      0x3a5
 .debug_abbrev  0x00000000      0x12d ./Drivers/Src/stm32wb09xx_gpio_driver.o
 .debug_abbrev  0x0000012d      0x124 ./Drivers/Src/stm32wb09xx_spi_driver.o
 .debug_abbrev  0x00000251      0x130 ./Src/003spi_testing.o
 .debug_abbrev  0x00000381       0x24 ./Startup/startup_stm32wb09kevx.o

.debug_aranges  0x00000000      0x100
 .debug_aranges
                0x00000000       0x68 ./Drivers/Src/stm32wb09xx_gpio_driver.o
 .debug_aranges
                0x00000068       0x40 ./Drivers/Src/stm32wb09xx_spi_driver.o
 .debug_aranges
                0x000000a8       0x30 ./Src/003spi_testing.o
 .debug_aranges
                0x000000d8       0x28 ./Startup/startup_stm32wb09kevx.o

.debug_rnglists
                0x00000000       0xb0
 .debug_rnglists
                0x00000000       0x4c ./Drivers/Src/stm32wb09xx_gpio_driver.o
 .debug_rnglists
                0x0000004c       0x2c ./Drivers/Src/stm32wb09xx_spi_driver.o
 .debug_rnglists
                0x00000078       0x1f ./Src/003spi_testing.o
 .debug_rnglists
                0x00000097       0x19 ./Startup/startup_stm32wb09kevx.o

.debug_macro    0x00000000     0x1fad
 .debug_macro   0x00000000       0x9a ./Drivers/Src/stm32wb09xx_gpio_driver.o
 .debug_macro   0x0000009a      0xaba ./Drivers/Src/stm32wb09xx_gpio_driver.o
 .debug_macro   0x00000b54       0x22 ./Drivers/Src/stm32wb09xx_gpio_driver.o
 .debug_macro   0x00000b76       0x8e ./Drivers/Src/stm32wb09xx_gpio_driver.o
 .debug_macro   0x00000c04       0x51 ./Drivers/Src/stm32wb09xx_gpio_driver.o
 .debug_macro   0x00000c55      0x103 ./Drivers/Src/stm32wb09xx_gpio_driver.o
 .debug_macro   0x00000d58       0x6a ./Drivers/Src/stm32wb09xx_gpio_driver.o
 .debug_macro   0x00000dc2      0x1df ./Drivers/Src/stm32wb09xx_gpio_driver.o
 .debug_macro   0x00000fa1      0x224 ./Drivers/Src/stm32wb09xx_gpio_driver.o
 .debug_macro   0x000011c5       0xd3 ./Drivers/Src/stm32wb09xx_gpio_driver.o
 .debug_macro   0x00001298       0xac ./Drivers/Src/stm32wb09xx_gpio_driver.o
 .debug_macro   0x00001344       0x9a ./Drivers/Src/stm32wb09xx_spi_driver.o
 .debug_macro   0x000013de      0x163 ./Src/003spi_testing.o
 .debug_macro   0x00001541       0xd9 ./Src/003spi_testing.o
 .debug_macro   0x0000161a       0x61 ./Src/003spi_testing.o
 .debug_macro   0x0000167b       0x24 ./Src/003spi_testing.o
 .debug_macro   0x0000169f       0x43 ./Src/003spi_testing.o
 .debug_macro   0x000016e2       0x34 ./Src/003spi_testing.o
 .debug_macro   0x00001716      0x190 ./Src/003spi_testing.o
 .debug_macro   0x000018a6      0x370 ./Src/003spi_testing.o
 .debug_macro   0x00001c16       0x16 ./Src/003spi_testing.o
 .debug_macro   0x00001c2c       0x4a ./Src/003spi_testing.o
 .debug_macro   0x00001c76       0x34 ./Src/003spi_testing.o
 .debug_macro   0x00001caa       0x10 ./Src/003spi_testing.o
 .debug_macro   0x00001cba       0x58 ./Src/003spi_testing.o
 .debug_macro   0x00001d12       0x8e ./Src/003spi_testing.o
 .debug_macro   0x00001da0       0x1c ./Src/003spi_testing.o
 .debug_macro   0x00001dbc      0x185 ./Src/003spi_testing.o
 .debug_macro   0x00001f41       0x10 ./Src/003spi_testing.o
 .debug_macro   0x00001f51       0x3c ./Src/003spi_testing.o
 .debug_macro   0x00001f8d       0x20 ./Src/003spi_testing.o

.debug_line     0x00000000     0x135d
 .debug_line    0x00000000      0x6cc ./Drivers/Src/stm32wb09xx_gpio_driver.o
 .debug_line    0x000006cc      0x5b3 ./Drivers/Src/stm32wb09xx_spi_driver.o
 .debug_line    0x00000c7f      0x663 ./Src/003spi_testing.o
 .debug_line    0x000012e2       0x7b ./Startup/startup_stm32wb09kevx.o

.debug_str      0x00000000     0x81e7
 .debug_str     0x00000000     0x81e7 ./Drivers/Src/stm32wb09xx_gpio_driver.o
                               0x4ca4 (size before relaxing)
 .debug_str     0x000081e7     0x4c06 ./Drivers/Src/stm32wb09xx_spi_driver.o
 .debug_str     0x000081e7     0x813a ./Src/003spi_testing.o
 .debug_str     0x000081e7       0x6c ./Startup/startup_stm32wb09kevx.o

.comment        0x00000000       0x43
 .comment       0x00000000       0x43 ./Drivers/Src/stm32wb09xx_gpio_driver.o
                                 0x44 (size before relaxing)
 .comment       0x00000043       0x44 ./Drivers/Src/stm32wb09xx_spi_driver.o
 .comment       0x00000043       0x44 ./Src/003spi_testing.o

.debug_frame    0x00000000      0x29c
 .debug_frame   0x00000000      0x150 ./Drivers/Src/stm32wb09xx_gpio_driver.o
 .debug_frame   0x00000150       0xb0 ./Drivers/Src/stm32wb09xx_spi_driver.o
 .debug_frame   0x00000200       0x70 ./Src/003spi_testing.o
 .debug_frame   0x00000270       0x2c C:/ST/STM32CubeIDE_1.18.1/STM32CubeIDE/plugins/com.st.stm32cube.ide.mcu.externaltools.gnu-tools-for-stm32.13.3.rel1.win32_1.0.0.202411081344/tools/bin/../lib/gcc/arm-none-eabi/13.3.1/../../../../arm-none-eabi/lib/thumb/v6-m/nofp\libc_nano.a(libc_a-init.o)

.debug_line_str
                0x00000000       0x50
 .debug_line_str
                0x00000000       0x50 ./Startup/startup_stm32wb09kevx.o
